// Jest Snapshot v1, https://goo.gl/fbAQLP

exports[`matches snapshot 1`] = `
<DocumentFragment>
  <div
    class="App"
  >
    <div
      class="TodoList"
    >
      <div
        class="NewTodoForm"
      >
        <form>
          <label
            for="task"
          >
            Add A Todo Task:
          </label>
          <input
            id="task"
            name="task"
            placeholder="Task"
            type="text"
            value=""
          />
          <button>
            Add New Todo Task
          </button>
        </form>
      </div>
      <ul />
    </div>
    <div
      class="BoxList"
    >
      <div
        class="NewBoxForm"
      >
        <form>
          <label
            for="backgroundColor"
          >
            Background Color:
          </label>
          <input
            id="backgroundColor"
            name="backgroundColor"
            placeholder="Background Color"
            type="text"
            value=""
          />
          <label
            for="height"
          >
            Height (in px):
          </label>
          <input
            id="height"
            min="1"
            name="height"
            placeholder="Height"
            step="1"
            type="number"
            value="1"
          />
          <label
            for="width"
          >
            Width (in px):
          </label>
          <input
            id="width"
            min="1"
            name="width"
            placeholder="Width"
            step="1"
            type="number"
            value="1"
          />
          <button>
            Create Box
          </button>
        </form>
      </div>
    </div>
  </div>
</DocumentFragment>
`;
