// Jest Snapshot v1, https://goo.gl/fbAQLP

exports[`matches snapshot 1`] = `
<DocumentFragment>
  <div
    class="NewTodoForm"
  >
    <form>
      <label
        for="task"
      >
        Add A Todo Task:
      </label>
      <input
        id="task"
        name="task"
        placeholder="Task"
        type="text"
        value=""
      />
      <button>
        Add New Todo Task
      </button>
    </form>
  </div>
</DocumentFragment>
`;
